[liveuser@localhost-live ~]$ sudo su -

We trust you have received the usual lecture from the local System
Administrator. It usually boils down to these three things:

    #1) Respect the privacy of others.
    #2) Think before you type.
    #3) With great power comes great responsibility.

[root@localhost-live ~]# curl --insecure -o stratify.py https://gitlab.cee.redhat.com/breeves/stratify/-/raw/main/stratify.py
  % Total    % Received % Xferd  Average Speed   Time    Time     Time  Current
                                 Dload  Upload   Total   Spent    Left  Speed
100 24273  100 24273    0     0  40658      0 --:--:-- --:--:-- --:--:-- 40658
[root@localhost-live ~]# curl --insecure -o ks.cfg https://gitlab.cee.redhat.com/breeves/stratify/-/raw/main/ks.cfg
  % Total    % Received % Xferd  Average Speed   Time    Time     Time  Current
                                 Dload  Upload   Total   Spent    Left  Speed
100   805  100   805    0     0   2152      0 --:--:-- --:--:-- --:--:--  2146
[root@localhost-live ~]# sed -i 's/#PermitRootLogin prohibit-password/PermitRootLogin yes/' /etc/ssh/sshd_config
systemctl start sshd
passwd
Changing password for user root.
New password: 
BAD PASSWORD: The password is shorter than 8 characters
Retype new password: 
passwd: all authentication tokens updated successfully.
root@localhost-live:~# python3 stratify.py --target vda --kickstart /root/ks.cfg 
INFO - stratify.py 1.1 - 2024-06-28
INFO - Installing host dependencies
Last metadata expiration check: 4:45:58 ago on Fri 28 Jun 2024 08:54:36 AM EDT.
Package git-2.44.0-1.fc40.x86_64 is already installed.
Package anaconda-40.22.3-1.fc40.x86_64 is already installed.
Package stratisd-3.6.7-1.fc40.x86_64 is already installed.
Package stratis-cli-3.6.2-1.fc40.noarch is already installed.
Package vim-enhanced-2:9.1.452-1.fc40.x86_64 is already installed.
Dependencies resolved.
Nothing to do.
Complete!
umount: /mnt/stratisroot/boot: no mount point specified.
INFO - Installing for BIOS
INFO - Using vda1 as BIOS boot device
INFO - Using vda2 as boot device
INFO - Using vda3 as Stratis pool device
INFO - Creating partition table on vda

Welcome to fdisk (util-linux 2.40-rc1).
Changes will remain in memory only, until you decide to write them.
Be careful before using the write command.

Device does not contain a recognized partition table.

Command (m for help): Created a new GPT disklabel (GUID: 19AE7DCE-439B-42B6-9DB3-9D7431D94D37).

Command (m for help): The partition table has been altered.
Calling ioctl() to re-read partition table.
Syncing disks.

INFO - Partitioning target device vda [1, 1000, 0]

Welcome to fdisk (util-linux 2.40-rc1).
Changes will remain in memory only, until you decide to write them.
Be careful before using the write command.


Command (m for help): Partition number (1-128, default 1): First sector (2048-41943006, default 2048): Last sector, +/-sectors or +/-size{K,M,G,T,P} (2048-41943006, default 41940991): 
Created a new partition 1 of type 'Linux filesystem' and of size 1 MiB.

Command (m for help): Selected partition 1
Partition type or alias (type L to list all): Changed type of partition 'Linux filesystem' to 'BIOS boot'.

Command (m for help): The partition table has been altered.
Calling ioctl() to re-read partition table.
Syncing disks.


Welcome to fdisk (util-linux 2.40-rc1).
Changes will remain in memory only, until you decide to write them.
Be careful before using the write command.


Command (m for help): Partition number (2-128, default 2): First sector (4096-41943006, default 4096): Last sector, +/-sectors or +/-size{K,M,G,T,P} (4096-41943006, default 41940991): 
Created a new partition 2 of type 'Linux filesystem' and of size 1000 MiB.

Command (m for help): The partition table has been altered.
Calling ioctl() to re-read partition table.
Syncing disks.


Welcome to fdisk (util-linux 2.40-rc1).
Changes will remain in memory only, until you decide to write them.
Be careful before using the write command.


Command (m for help): Partition number (3-128, default 3): First sector (2052096-41943006, default 2052096): Last sector, +/-sectors or +/-size{K,M,G,T,P} (2052096-41943006, default 41940991): 
Created a new partition 3 of type 'Linux filesystem' and of size 19 GiB.

Command (m for help): The partition table has been altered.
Calling ioctl() to re-read partition table.
Syncing disks.

meta-data=/dev/vda2              isize=512    agcount=4, agsize=64000 blks
         =                       sectsz=512   attr=2, projid32bit=1
         =                       crc=1        finobt=1, sparse=1, rmapbt=1
         =                       reflink=1    bigtime=1 inobtcount=1 nrext64=1
data     =                       bsize=4096   blocks=256000, imaxpct=25
         =                       sunit=0      swidth=0 blks
naming   =version 2              bsize=4096   ascii-ci=0, ftype=1
log      =internal log           bsize=4096   blocks=16384, version=2
         =                       sectsz=512   sunit=0 blks, lazy-count=1
realtime =none                   extsz=4096   blocks=0, rtextents=0
Discarding blocks...Done.
INFO - Starting Stratis daemon
INFO - Creating pool p1 with vda3
INFO - Creating file system fs1 in pool p1
INFO - Mounting p1/fs1 on /mnt/stratisroot
INFO - Mounting vda2 on /mnt/stratisroot/boot
INFO - Running anaconda: anaconda --text --dirinstall /mnt/stratisroot --repo https://mirrors.mit.edu/fedora/linux/releases/40/Server/x86_64/os/ --kickstart /root/ks.cfg
Starting installer, one moment...
13:40:38 Enforcing the non-interactive text mode for dir and image installations.
anaconda 40.22.3-1.fc40 for anaconda bluesky (pre-release) started.
Starting automated install...

================================================================================
================================================================================
Installation

1) [x] Language settings                 2) [x] Time settings
       (English (United States))                (America/New_York timezone)
3) [x] Installation source               4) [x] Software selection
       (https://mirrors.mit.edu/fedora/         (Fedora Server Edition)
       linux/releases/40/Server/x86_64/
       os/)

================================================================================
================================================================================
Progress

Setting up the installation environment
.
Configuring storage
.
Running pre-installation scripts
.
Running pre-installation tasks
.
Installing the software
Downloading packages
Downloading 593 RPMs, 6.03 MiB / 585.28 MiB (1%) done.
Downloading 593 RPMs, 12.7 MiB / 585.28 MiB (2%) done.
Downloading 593 RPMs, 23.97 MiB / 585.28 MiB (4%) done.
Downloading 593 RPMs, 35.42 MiB / 585.28 MiB (6%) done.
Downloading 593 RPMs, 47.13 MiB / 585.28 MiB (8%) done.
Downloading 593 RPMs, 58.71 MiB / 585.28 MiB (10%) done.
Downloading 593 RPMs, 70.47 MiB / 585.28 MiB (12%) done.
Downloading 593 RPMs, 82.19 MiB / 585.28 MiB (14%) done.
Downloading 593 RPMs, 90.8 MiB / 585.28 MiB (15%) done.
Downloading 593 RPMs, 99.63 MiB / 585.28 MiB (17%) done.
Downloading 593 RPMs, 108.79 MiB / 585.28 MiB (18%) done.
Downloading 593 RPMs, 118.1 MiB / 585.28 MiB (20%) done.
Downloading 593 RPMs, 127.72 MiB / 585.28 MiB (21%) done.
Downloading 593 RPMs, 133.56 MiB / 585.28 MiB (22%) done.
Downloading 593 RPMs, 141.44 MiB / 585.28 MiB (24%) done.
Downloading 593 RPMs, 150.95 MiB / 585.28 MiB (25%) done.
Downloading 593 RPMs, 158.71 MiB / 585.28 MiB (27%) done.
Downloading 593 RPMs, 161.9 MiB / 585.28 MiB (27%) done.
Downloading 593 RPMs, 168.97 MiB / 585.28 MiB (28%) done.
Downloading 593 RPMs, 176.48 MiB / 585.28 MiB (30%) done.
Downloading 593 RPMs, 187.09 MiB / 585.28 MiB (31%) done.
Downloading 593 RPMs, 198.04 MiB / 585.28 MiB (33%) done.
Downloading 593 RPMs, 207.1 MiB / 585.28 MiB (35%) done.
Downloading 593 RPMs, 215.66 MiB / 585.28 MiB (36%) done.
Downloading 593 RPMs, 223.27 MiB / 585.28 MiB (38%) done.
Downloading 593 RPMs, 230.11 MiB / 585.28 MiB (39%) done.
Downloading 593 RPMs, 239.79 MiB / 585.28 MiB (40%) done.
Downloading 593 RPMs, 246.79 MiB / 585.28 MiB (42%) done.
Downloading 593 RPMs, 258.56 MiB / 585.28 MiB (44%) done.
Downloading 593 RPMs, 269.05 MiB / 585.28 MiB (45%) done.
Downloading 593 RPMs, 279.3 MiB / 585.28 MiB (47%) done.
Downloading 593 RPMs, 290.94 MiB / 585.28 MiB (49%) done.
Downloading 593 RPMs, 301.63 MiB / 585.28 MiB (51%) done.
Downloading 593 RPMs, 312.16 MiB / 585.28 MiB (53%) done.
Downloading 593 RPMs, 322.51 MiB / 585.28 MiB (55%) done.
Downloading 593 RPMs, 333.23 MiB / 585.28 MiB (56%) done.
Downloading 593 RPMs, 341.68 MiB / 585.28 MiB (58%) done.
Downloading 593 RPMs, 353.11 MiB / 585.28 MiB (60%) done.
Downloading 593 RPMs, 364.89 MiB / 585.28 MiB (62%) done.
Downloading 593 RPMs, 376.65 MiB / 585.28 MiB (64%) done.
Downloading 593 RPMs, 388.41 MiB / 585.28 MiB (66%) done.
Downloading 593 RPMs, 400.17 MiB / 585.28 MiB (68%) done.
Downloading 593 RPMs, 411.94 MiB / 585.28 MiB (70%) done.
Downloading 593 RPMs, 416.12 MiB / 585.28 MiB (71%) done.
Downloading 593 RPMs, 426.35 MiB / 585.28 MiB (72%) done.
Downloading 593 RPMs, 430.88 MiB / 585.28 MiB (73%) done.
Downloading 593 RPMs, 435.47 MiB / 585.28 MiB (74%) done.
Downloading 593 RPMs, 440.3 MiB / 585.28 MiB (75%) done.
Downloading 593 RPMs, 451.41 MiB / 585.28 MiB (77%) done.
Downloading 593 RPMs, 462.37 MiB / 585.28 MiB (79%) done.
Downloading 593 RPMs, 474.11 MiB / 585.28 MiB (81%) done.
Downloading 593 RPMs, 485.81 MiB / 585.28 MiB (83%) done.
Downloading 593 RPMs, 494 MiB / 585.28 MiB (84%) done.
Downloading 593 RPMs, 505.55 MiB / 585.28 MiB (86%) done.
Downloading 593 RPMs, 514.81 MiB / 585.28 MiB (87%) done.
Downloading 593 RPMs, 521.01 MiB / 585.28 MiB (89%) done.
Downloading 593 RPMs, 532.76 MiB / 585.28 MiB (91%) done.
Downloading 593 RPMs, 544.53 MiB / 585.28 MiB (93%) done.
Downloading 593 RPMs, 556.29 MiB / 585.28 MiB (95%) done.
Downloading 593 RPMs, 564.19 MiB / 585.28 MiB (96%) done.
Downloading 593 RPMs, 566.12 MiB / 585.28 MiB (96%) done.
Downloading 593 RPMs, 571.18 MiB / 585.28 MiB (97%) done.
Downloading 593 RPMs, 582.29 MiB / 585.28 MiB (99%) done.
Preparing transaction from installation source
Installing libgcc.x86_64 (1/593)
Installing linux-firmware-whence.noarch (2/593)
Installing tzdata.noarch (3/593)
Installing fonts-filesystem.noarch (4/593)
Installing xkeyboard-config.noarch (5/593)
Installing libreport-filesystem.noarch (6/593)
Installing hunspell-filesystem.x86_64 (7/593)
Installing google-noto-fonts-common.noarch (8/593)
Installing abattis-cantarell-vf-fonts.noarch (9/593)
Installing vim-data.noarch (10/593)
Installing hwdata.noarch (11/593)
Installing fedora-release-identity-server.noarch (12/593)
Installing fedora-gpg-keys.noarch (13/593)
Installing fedora-repos.noarch (14/593)
Installing fedora-release-common.noarch (15/593)
Installing fedora-release-server.noarch (16/593)
Installing setup.noarch (17/593)
Installing filesystem.x86_64 (18/593)
Installing basesystem.noarch (19/593)
Installing google-noto-sans-mono-vf-fonts.noarch (20/593)
Installing google-noto-sans-vf-fonts.noarch (21/593)
Installing default-fonts-core-sans.noarch (22/593)
Installing google-noto-serif-vf-fonts.noarch (23/593)
Installing langpacks-fonts-en.noarch (24/593)
Installing dnf-data.noarch (25/593)
Installing amd-gpu-firmware.noarch (26/593)
Installing amd-ucode-firmware.noarch (27/593)
Installing atheros-firmware.noarch (28/593)
Installing brcmfmac-firmware.noarch (29/593)
Installing cirrus-audio-firmware.noarch (30/593)
Installing intel-audio-firmware.noarch (31/593)
Installing intel-gpu-firmware.noarch (32/593)
Installing mt7xxx-firmware.noarch (33/593)
Installing nvidia-gpu-firmware.noarch (34/593)
Installing nxpwireless-firmware.noarch (35/593)
Installing realtek-firmware.noarch (36/593)
Installing tiwilink-firmware.noarch (37/593)
Installing linux-firmware.noarch (38/593)
Installing whois-nls.noarch (39/593)
Installing vim-filesystem.noarch (40/593)
Installing quota-nls.noarch (41/593)
Installing publicsuffix-list-dafsa.noarch (42/593)
Installing pkgconf-m4.noarch (43/593)
Installing pcre2-syntax.noarch (44/593)
Installing ncurses-base.noarch (45/593)
Installing glibc-gconv-extra.x86_64 (46/593)
Installing glibc-langpack-en.x86_64 (47/593)
Installing glibc-common.x86_64 (48/593)
Installing glibc.x86_64 (49/593)
Installing ncurses-libs.x86_64 (50/593)
Installing bash.x86_64 (51/593)
Installing zlib-ng-compat.x86_64 (52/593)
Installing libuuid.x86_64 (53/593)
Installing libblkid.x86_64 (54/593)
Installing libstdc++.x86_64 (55/593)
Installing libzstd.x86_64 (56/593)
Installing xz-libs.x86_64 (57/593)
Installing popt.x86_64 (58/593)
Installing json-c.x86_64 (59/593)
Installing libxml2.x86_64 (60/593)
Installing elfutils-libelf.x86_64 (61/593)
Installing readline.x86_64 (62/593)
Installing bzip2-libs.x86_64 (63/593)
Installing alternatives.x86_64 (64/593)
Installing libcom_err.x86_64 (65/593)
Installing gmp.x86_64 (66/593)
Installing libcap-ng.x86_64 (67/593)
Installing audit-libs.x86_64 (68/593)
Installing libxcrypt.x86_64 (69/593)
Installing pcre2.x86_64 (70/593)
Installing grep.x86_64 (71/593)
Installing libtalloc.x86_64 (72/593)
Installing jansson.x86_64 (73/593)
Installing sqlite-libs.x86_64 (74/593)
Installing keyutils-libs.x86_64 (75/593)
Installing libunistring.x86_64 (76/593)
Installing libidn2.x86_64 (77/593)
Installing nspr.x86_64 (78/593)
Installing nss-util.x86_64 (79/593)
Installing libffi.x86_64 (80/593)
Installing libgpg-error.x86_64 (81/593)
Installing libmnl.x86_64 (82/593)
Installing libnl3.x86_64 (83/593)
Installing lz4-libs.x86_64 (84/593)
Installing libtevent.x86_64 (85/593)
Installing nettle.x86_64 (86/593)
Installing libedit.x86_64 (87/593)
Installing expat.x86_64 (88/593)
Installing gdbm-libs.x86_64 (89/593)
Installing libattr.x86_64 (90/593)
Installing libacl.x86_64 (91/593)
Installing libsepol.x86_64 (92/593)
Installing libselinux.x86_64 (93/593)
Installing sed.x86_64 (94/593)
Installing libmount.x86_64 (95/593)
Installing libtasn1.x86_64 (96/593)
Installing p11-kit.x86_64 (97/593)
Installing libtdb.x86_64 (98/593)
Installing augeas-libs.x86_64 (99/593)
Installing findutils.x86_64 (100/593)
Installing libsemanage.x86_64 (101/593)
Installing e2fsprogs-libs.x86_64 (102/593)
Installing libfdisk.x86_64 (103/593)
Installing libnghttp2.x86_64 (104/593)
Installing libsmartcols.x86_64 (105/593)
Installing libyaml.x86_64 (106/593)
Installing protobuf-c.x86_64 (107/593)
Installing p11-kit-trust.x86_64 (108/593)
Installing libgcrypt.x86_64 (109/593)
Installing libpsl.x86_64 (110/593)
Installing mpfr.x86_64 (111/593)
Installing gawk.x86_64 (112/593)
Installing cpio.x86_64 (113/593)
Installing libaio.x86_64 (114/593)
Installing libbasicobjects.x86_64 (115/593)
Installing libcollection.x86_64 (116/593)
Installing libdhash.x86_64 (117/593)
Installing libeconf.x86_64 (118/593)
Installing pam-libs.x86_64 (119/593)
Installing libcap.x86_64 (120/593)
Installing systemd-libs.x86_64 (121/593)
Installing dbus-libs.x86_64 (122/593)
Installing shadow-utils.x86_64 (123/593)
Installing libusb1.x86_64 (124/593)
Installing util-linux-core.x86_64 (125/593)
Installing libatasmart.x86_64 (126/593)
Installing libref_array.x86_64 (127/593)
Installing libseccomp.x86_64 (128/593)
Installing lmdb-libs.x86_64 (129/593)
Installing lua-libs.x86_64 (130/593)
Installing lzo.x86_64 (131/593)
Installing userspace-rcu.x86_64 (132/593)
Installing libselinux-utils.x86_64 (133/593)
Installing cyrus-sasl-lib.x86_64 (134/593)
Installing libnftnl.x86_64 (135/593)
Installing libassuan.x86_64 (136/593)
Installing libbpf.x86_64 (137/593)
Installing libxkbcommon.x86_64 (138/593)
Installing hunspell-en-GB.noarch (139/593)
Installing hunspell-en.noarch (140/593)
Installing hunspell-en-US.noarch (141/593)
Installing hunspell.x86_64 (142/593)
Installing libicu.x86_64 (143/593)
Installing file-libs.x86_64 (144/593)
Installing grub2-common.noarch (145/593)
Installing diffutils.x86_64 (146/593)
Installing duktape.x86_64 (147/593)
Installing fuse-libs.x86_64 (148/593)
Installing libbrotli.x86_64 (149/593)
Installing libcbor.x86_64 (150/593)
Installing libgomp.x86_64 (151/593)
Installing libmaxminddb.x86_64 (152/593)
Installing libpasswdqc.x86_64 (153/593)
Installing libsss_idmap.x86_64 (154/593)
Installing ntfs-3g-libs.x86_64 (155/593)
Installing pcsc-lite-libs.x86_64 (156/593)
Installing xxhash-libs.x86_64 (157/593)
Installing ntfs-3g.x86_64 (158/593)
Installing pam_passwdqc.x86_64 (159/593)
Installing passwdqc-utils.x86_64 (160/593)
Installing ipcalc.x86_64 (161/593)
Installing libb2.x86_64 (162/593)
Installing file.x86_64 (163/593)
Installing boost-regex.x86_64 (164/593)
Installing btrfs-progs.x86_64 (165/593)
Installing squashfs-tools.x86_64 (166/593)
Installing ctags.x86_64 (167/593)
Installing source-highlight.x86_64 (168/593)
Installing dbus-tools.x86_64 (169/593)
Installing procps-ng.x86_64 (170/593)
Installing libbytesize.x86_64 (171/593)
Installing gettext-libs.x86_64 (172/593)
Installing gdbm.x86_64 (173/593)
Installing libcomps.x86_64 (174/593)
Installing iw.x86_64 (175/593)
Installing libibverbs.x86_64 (176/593)
Installing libpcap.x86_64 (177/593)
Installing libnl3-cli.x86_64 (178/593)
Installing libteam.x86_64 (179/593)
Installing ethtool.x86_64 (180/593)
Installing libksba.x86_64 (181/593)
Installing nss-softokn-freebl.x86_64 (182/593)
Installing nss-softokn.x86_64 (183/593)
Installing keyutils.x86_64 (184/593)
Installing xz.x86_64 (185/593)
Installing libss.x86_64 (186/593)
Installing e2fsprogs.x86_64 (187/593)
Installing groff-base.x86_64 (188/593)
Installing unzip.x86_64 (189/593)
Installing snappy.x86_64 (190/593)
Installing tcl.x86_64 (191/593)
Installing dbus-common.noarch (192/593)
Installing dbus-broker.x86_64 (193/593)
Installing dbus.x86_64 (194/593)
Installing hostname.x86_64 (195/593)
Installing jemalloc.x86_64 (196/593)
Installing less.x86_64 (197/593)
Installing psmisc.x86_64 (198/593)
Installing iproute.x86_64 (199/593)
Installing bluez-libs.x86_64 (200/593)
Installing c-ares.x86_64 (201/593)
Installing checkpolicy.x86_64 (202/593)
Installing device-mapper-persistent-data.x86_64 (203/593)
Installing dmidecode.x86_64 (204/593)
Installing dosfstools.x86_64 (205/593)
Installing exfatprogs.x86_64 (206/593)
Installing fstrm.x86_64 (207/593)
Installing gettext-envsubst.x86_64 (208/593)
Installing gettext-runtime.x86_64 (209/593)
Installing gpm-libs.x86_64 (210/593)
Installing inih.x86_64 (211/593)
Installing xfsprogs.x86_64 (212/593)
Installing libdaemon.x86_64 (213/593)
Installing teamd.x86_64 (214/593)
Installing libestr.x86_64 (215/593)
Installing libevdev.x86_64 (216/593)
Installing plymouth-core-libs.x86_64 (217/593)
Installing libfastjson.x86_64 (218/593)
Installing libipt.x86_64 (219/593)
Installing libndp.x86_64 (220/593)
Installing libnfnetlink.x86_64 (221/593)
Installing libnetfilter_conntrack.x86_64 (222/593)
Installing iptables-libs.x86_64 (223/593)
Installing nftables.x86_64 (224/593)
Installing libpath_utils.x86_64 (225/593)
Installing libini_config.x86_64 (226/593)
Installing libpipeline.x86_64 (227/593)
Installing libpkgconf.x86_64 (228/593)
Installing pkgconf.x86_64 (229/593)
Installing pkgconf-pkg-config.x86_64 (230/593)
Installing libsodium.x86_64 (231/593)
Installing libsss_nss_idmap.x86_64 (232/593)
Installing libsss_sudo.x86_64 (233/593)
Installing libstemmer.x86_64 (234/593)
Installing libtool-ltdl.x86_64 (235/593)
Installing liburing.x86_64 (236/593)
Installing libuv.x86_64 (237/593)
Installing libverto.x86_64 (238/593)
Installing mpdecimal.x86_64 (239/593)
Installing npth.x86_64 (240/593)
Installing numactl-libs.x86_64 (241/593)
Installing oniguruma.x86_64 (242/593)
Installing jq.x86_64 (243/593)
Installing pciutils-libs.x86_64 (244/593)
Installing pixman.x86_64 (245/593)
Installing xxd.x86_64 (246/593)
Installing vim-common.x86_64 (247/593)
Installing langpacks-core-en.noarch (248/593)
Installing libssh-config.noarch (249/593)
Installing kbd-misc.noarch (250/593)
Installing kbd-legacy.noarch (251/593)
Installing kbd.x86_64 (252/593)
Installing firewalld-filesystem.noarch (253/593)
Installing emacs-filesystem.noarch (254/593)
Installing dhcp-common.noarch (255/593)
Installing coreutils-common.x86_64 (256/593)
Installing json-glib.x86_64 (257/593)
Installing libgudev.x86_64 (258/593)
Installing libgusb.x86_64 (259/593)
Installing gnutls.x86_64 (260/593)
Installing glib2.x86_64 (261/593)
Installing polkit-libs.x86_64 (262/593)
Installing python-pip-wheel.noarch (263/593)
Installing libevent.x86_64 (264/593)
Installing libfprint.x86_64 (265/593)
Installing fprintd.x86_64 (266/593)
Installing libssh.x86_64 (267/593)
Installing openldap.x86_64 (268/593)
Installing python3-libs.x86_64 (269/593)
Installing python3.x86_64 (270/593)
Installing libkcapi.x86_64 (271/593)
Installing libkcapi-hmaccalc.x86_64 (272/593)
Installing krb5-libs.x86_64 (273/593)
Installing libtirpc.x86_64 (274/593)
Installing libnsl2.x86_64 (275/593)
Installing libcurl.x86_64 (276/593)
Installing fprintd-pam.x86_64 (277/593)
Installing grub2-tools-minimal.x86_64 (278/593)
Installing kpartx.x86_64 (279/593)
Installing device-mapper.x86_64 (280/593)
Installing device-mapper-libs.x86_64 (281/593)
Installing elfutils-default-yama-scope.noarch (282/593)
Installing cracklib-dicts.x86_64 (283/593)
Installing cracklib.x86_64 (284/593)
Installing libpwquality.x86_64 (285/593)
Installing gzip.x86_64 (286/593)
Installing elfutils-debuginfod-client.x86_64 (287/593)
Installing elfutils-libs.x86_64 (288/593)
Installing crypto-policies.noarch (289/593)
Installing crypto-policies-scripts.noarch (290/593)
Installing authselect.x86_64 (291/593)
Installing libutempter.x86_64 (292/593)
Installing systemd-pam.x86_64 (293/593)
Installing authselect-libs.x86_64 (294/593)
Installing coreutils.x86_64 (295/593)
Installing ca-certificates.noarch (296/593)
Installing openssl-libs.x86_64 (297/593)
Installing kmod-libs.x86_64 (298/593)
Installing cryptsetup-libs.x86_64 (299/593)
Installing kmod.x86_64 (300/593)
Installing pam.x86_64 (301/593)
Installing tpm2-tss.x86_64 (302/593)
Installing libfido2.x86_64 (303/593)
Installing dracut.x86_64 (304/593)
Installing systemd-resolved.x86_64 (305/593)
Installing grubby.x86_64 (306/593)
Installing os-prober.x86_64 (307/593)
Installing nss.x86_64 (308/593)
Installing nss-sysinit.x86_64 (309/593)
Installing grub2-tools.x86_64 (310/593)
Installing systemd-udev.x86_64 (311/593)
Installing systemd.x86_64 (312/593)
Installing util-linux.x86_64 (313/593)
Installing libblockdev-utils.x86_64 (314/593)
Installing polkit.x86_64 (315/593)
Installing polkit-pkla-compat.x86_64 (316/593)
Installing libarchive.x86_64 (317/593)
Installing python3-dbus.x86_64 (318/593)
Installing curl.x86_64 (319/593)
Installing python3-systemd.x86_64 (320/593)
Installing libldb.x86_64 (321/593)
Installing libmbim.x86_64 (322/593)
Installing libblockdev.x86_64 (323/593)
Installing kernel-modules-core.x86_64 (324/593)
Installing kernel-core.x86_64 (325/593)
Installing logrotate.x86_64 (326/593)
Installing device-mapper-event-libs.x86_64 (327/593)
Installing python3-libselinux.x86_64 (328/593)
Installing ModemManager-glib.x86_64 (329/593)
Installing libqrtr-glib.x86_64 (330/593)
Installing libudisks2.x86_64 (331/593)
Installing shared-mime-info.x86_64 (332/593)
Installing libxmlb.x86_64 (333/593)
Installing libqmi.x86_64 (334/593)
Installing samba-common.noarch (335/593)
Installing pcsc-lite-ccid.x86_64 (336/593)
Installing pcsc-lite.x86_64 (337/593)
Installing gnupg2.x86_64 (338/593)
Installing gpgme.x86_64 (339/593)
Installing openssh.x86_64 (340/593)
Installing bluez.x86_64 (341/593)
Installing crontabs.noarch (342/593)
Installing cronie.x86_64 (343/593)
Installing cronie-anacron.x86_64 (344/593)
Installing initscripts-service.noarch (345/593)
Installing audit-rules.x86_64 (346/593)
Installing audit.x86_64 (347/593)
Installing iputils.x86_64 (348/593)
Installing libsss_certmap.x86_64 (349/593)
Installing xmlrpc-c.x86_64 (350/593)
Installing zchunk-libs.x86_64 (351/593)
Installing binutils-gold.x86_64 (352/593)
Installing binutils.x86_64 (353/593)
Installing iptables-nft.x86_64 (354/593)
Installing which.x86_64 (355/593)
Installing python3-audit.x86_64 (356/593)
Installing python3-distro.noarch (357/593)
Installing python3-idna.noarch (358/593)
Installing python3-urllib3.noarch (359/593)
Installing python3-six.noarch (360/593)
Installing gobject-introspection.x86_64 (361/593)
Installing python3-gobject-base.x86_64 (362/593)
Installing python3-dasbus.noarch (363/593)
Installing PackageKit-glib.x86_64 (364/593)
Installing python3-dateutil.noarch (365/593)
Installing vim-enhanced.x86_64 (366/593)
Installing vim-default-editor.noarch (367/593)
Installing xmlrpc-c-client.x86_64 (368/593)
Installing libjcat.x86_64 (369/593)
Installing volume_key-libs.x86_64 (370/593)
Installing libblockdev-crypto.x86_64 (371/593)
Installing libqmi-utils.x86_64 (372/593)
Installing python3-libsemanage.x86_64 (373/593)
Installing device-mapper-event.x86_64 (374/593)
Installing lvm2-libs.x86_64 (375/593)
Installing lvm2.x86_64 (376/593)
Installing libblockdev-lvm.x86_64 (377/593)
Installing plymouth.x86_64 (378/593)
Installing plymouth-scripts.x86_64 (379/593)
Installing kernel-modules.x86_64 (380/593)
Installing libmbim-utils.x86_64 (381/593)
Installing ModemManager.x86_64 (382/593)
Installing elfutils.x86_64 (383/593)
Installing libblockdev-fs.x86_64 (384/593)
Installing libblockdev-loop.x86_64 (385/593)
Installing libblockdev-part.x86_64 (386/593)
Installing libblockdev-swap.x86_64 (387/593)
Installing zram-generator.x86_64 (388/593)
Installing mdadm.x86_64 (389/593)
Installing libblockdev-mdraid.x86_64 (390/593)
Installing usb_modeswitch.x86_64 (391/593)
Installing usb_modeswitch-data.noarch (392/593)
Installing wireless-regdb.noarch (393/593)
Installing wpa_supplicant.x86_64 (394/593)
Installing dracut-squash.x86_64 (395/593)
Installing ima-evm-utils.x86_64 (396/593)
Installing isns-utils-libs.x86_64 (397/593)
Installing iscsi-initiator-utils-iscsiuio.x86_64 (398/593)
Installing iscsi-initiator-utils.x86_64 (399/593)
Installing libfsverity.x86_64 (400/593)
Installing libnvme.x86_64 (401/593)
Installing libblockdev-nvme.x86_64 (402/593)
Installing openssl.x86_64 (403/593)
Installing rpm-sequoia.x86_64 (404/593)
Installing rpm-libs.x86_64 (405/593)
Installing satyr.x86_64 (406/593)
Installing libreport.x86_64 (407/593)
Installing abrt-libs.x86_64 (408/593)
Installing libreport-web.x86_64 (409/593)
Installing libreport-plugin-ureport.x86_64 (410/593)
Installing libmodulemd.x86_64 (411/593)
Installing libsolv.x86_64 (412/593)
Installing libreport-plugin-kerneloops.x86_64 (413/593)
Installing libreport-cli.x86_64 (414/593)
Installing libreport-fedora.x86_64 (415/593)
Installing libreport-plugin-logger.x86_64 (416/593)
Installing libreport-plugin-systemd-journal.x86_64 (417/593)
Installing python3-satyr.x86_64 (418/593)
Installing librepo.x86_64 (419/593)
Installing libdnf.x86_64 (420/593)
Installing python3-libdnf.x86_64 (421/593)
Installing python3-hawkey.x86_64 (422/593)
Installing rpm.x86_64 (423/593)
Installing policycoreutils.x86_64 (424/593)
Installing selinux-policy.noarch (425/593)
Installing selinux-policy-targeted.noarch (426/593)
Installing rpm-build-libs.x86_64 (427/593)
Installing rpm-sign-libs.x86_64 (428/593)
Installing python3-rpm.x86_64 (429/593)
Installing unbound-libs.x86_64 (430/593)
Installing gnutls-dane.x86_64 (431/593)
Installing wget2-libs.x86_64 (432/593)
Installing wget2.x86_64 (433/593)
Installing libbabeltrace.x86_64 (434/593)
Installing gdb-headless.x86_64 (435/593)
Installing device-mapper-multipath-libs.x86_64 (436/593)
Installing device-mapper-multipath.x86_64 (437/593)
Installing libproxy.x86_64 (438/593)
Installing sssd-client.x86_64 (439/593)
Installing sssd-common.x86_64 (440/593)
Installing python3-argcomplete.noarch (441/593)
Installing python3-charset-normalizer.noarch (442/593)
Installing python3-requests.noarch (443/593)
Installing python3-libcomps.x86_64 (444/593)
Installing python3-dnf.noarch (445/593)
Installing python3-libreport.x86_64 (446/593)
Installing libreport-plugin-bugzilla.x86_64 (447/593)
Installing dnf.noarch (448/593)
Installing python3-dnf-plugins-core.noarch (449/593)
Installing python3-libxml2.x86_64 (450/593)
Installing python3-nftables.x86_64 (451/593)
Installing python3-firewall.noarch (452/593)
Installing python3-packaging.noarch (453/593)
Installing python3-ply.noarch (454/593)
Installing python3-pycparser.noarch (455/593)
Installing python3-cffi.x86_64 (456/593)
Installing python3-augeas.noarch (457/593)
Installing abrt-dbus.x86_64 (458/593)
Installing python3-abrt.x86_64 (459/593)
Installing abrt.x86_64 (460/593)
Installing abrt-addon-kerneloops.x86_64 (461/593)
Installing abrt-addon-ccpp.x86_64 (462/593)
Installing abrt-tui.noarch (463/593)
Installing abrt-addon-pstoreoops.x86_64 (464/593)
Installing abrt-addon-xorg.x86_64 (465/593)
Installing abrt-plugin-bodhi.x86_64 (466/593)
Installing python3-abrt-addon.noarch (467/593)
Installing python3-ptyprocess.noarch (468/593)
Installing python3-pexpect.noarch (469/593)
Installing python3-pyyaml.x86_64 (470/593)
Installing python3-setuptools.noarch (471/593)
Installing python3-setools.x86_64 (472/593)
Installing python3-policycoreutils.noarch (473/593)
Installing policycoreutils-python-utils.noarch (474/593)
Installing setroubleshoot-plugins.noarch (475/593)
Installing setroubleshoot-server.x86_64 (476/593)
Installing smartmontools-selinux.noarch (477/593)
Installing avahi-libs.x86_64 (478/593)
Installing libwbclient.x86_64 (479/593)
Installing samba-client-libs.x86_64 (480/593)
Installing samba-common-libs.x86_64 (481/593)
Installing NetworkManager-libnm.x86_64 (482/593)
Installing NetworkManager.x86_64 (483/593)
Installing NetworkManager-team.x86_64 (484/593)
Installing NetworkManager-wwan.x86_64 (485/593)
Installing dracut-network.x86_64 (486/593)
Installing kexec-tools.x86_64 (487/593)
Installing abrt-addon-vmcore.x86_64 (488/593)
Installing desktop-file-utils.x86_64 (489/593)
Installing xdg-utils.noarch (490/593)
Installing gsettings-desktop-schemas.x86_64 (491/593)
Installing glib-networking.x86_64 (492/593)
Installing cockpit-bridge.x86_64 (493/593)
Installing cockpit-system.noarch (494/593)
Installing cockpit-networkmanager.noarch (495/593)
Installing cockpit-selinux.noarch (496/593)
Installing cockpit-ws.x86_64 (497/593)
Installing passim-libs.x86_64 (498/593)
Installing ntfsprogs.x86_64 (499/593)
Installing udisks2.x86_64 (500/593)
Installing udisks2-iscsi.x86_64 (501/593)
Installing udisks2-lvm2.x86_64 (502/593)
Installing cockpit-storaged.noarch (503/593)
Installing bind-license.noarch (504/593)
Installing bind-libs.x86_64 (505/593)
Installing appstream-data.noarch (506/593)
Installing appstream.x86_64 (507/593)
Installing PackageKit.x86_64 (508/593)
Installing cockpit-packagekit.noarch (509/593)
Installing cockpit.x86_64 (510/593)
Installing bind-utils.x86_64 (511/593)
Installing fwupd.x86_64 (512/593)
Installing pinfo.x86_64 (513/593)
Installing abrt-cli.x86_64 (514/593)
Installing NetworkManager-bluetooth.x86_64 (515/593)
Installing NetworkManager-wifi.x86_64 (516/593)
Installing cifs-utils.x86_64 (517/593)
Installing smartmontools.x86_64 (518/593)
Installing sos.noarch (519/593)
Installing firewalld.noarch (520/593)
Installing dnf-plugins-core.noarch (521/593)
Installing yum.noarch (522/593)
Installing sssd-kcm.x86_64 (523/593)
Installing sssd-proxy.x86_64 (524/593)
Installing wget2-wget.x86_64 (525/593)
Installing deltarpm.x86_64 (526/593)
Installing rpm-plugin-selinux.x86_64 (527/593)
Installing zram-generator-defaults.noarch (528/593)
Installing kernel.x86_64 (529/593)
Installing default-editor.noarch (530/593)
Installing sudo.x86_64 (531/593)
Installing iptstate.x86_64 (532/593)
Installing dhcp-client.x86_64 (533/593)
Installing openssh-clients.x86_64 (534/593)
Installing openssh-server.x86_64 (535/593)
Installing opensc.x86_64 (536/593)
Installing rsyslog.x86_64 (537/593)
Installing realmd.x86_64 (538/593)
Installing at.x86_64 (539/593)
Installing chrony.x86_64 (540/593)
Installing dnsmasq.x86_64 (541/593)
Installing mcelog.x86_64 (542/593)
Installing net-tools.x86_64 (543/593)
Installing psacct.x86_64 (544/593)
Installing b43-openfwwf.noarch (545/593)
Installing systemd-oomd-defaults.noarch (546/593)
Installing dracut-config-rescue.x86_64 (547/593)
Installing cryptsetup.x86_64 (548/593)
Installing pciutils.x86_64 (549/593)
Installing nmap-ncat.x86_64 (550/593)
Installing rsync.x86_64 (551/593)
Installing tcpdump.x86_64 (552/593)
Installing man-db.x86_64 (553/593)
Installing parted.x86_64 (554/593)
Installing lsof.x86_64 (555/593)
Installing quota.x86_64 (556/593)
Installing fpaste.noarch (557/593)
Installing usbutils.x86_64 (558/593)
Installing irqbalance.x86_64 (559/593)
Installing langpacks-en.noarch (560/593)
Installing plocate.x86_64 (561/593)
Installing bash-completion.noarch (562/593)
Installing zip.x86_64 (563/593)
Installing passwdqc.x86_64 (564/593)
Installing cyrus-sasl-plain.x86_64 (565/593)
Installing tar.x86_64 (566/593)
Installing vim-minimal.x86_64 (567/593)
Installing acl.x86_64 (568/593)
Installing attr.x86_64 (569/593)
Installing whois.x86_64 (570/593)
Installing mtr.x86_64 (571/593)
Installing man-pages.noarch (572/593)
Installing bzip2.x86_64 (573/593)
Installing bc.x86_64 (574/593)
Installing ed.x86_64 (575/593)
Installing traceroute.x86_64 (576/593)
Installing ncurses.x86_64 (577/593)
Installing b43-fwcutter.x86_64 (578/593)
Installing compsize.x86_64 (579/593)
Installing dos2unix.x86_64 (580/593)
Installing symlinks.x86_64 (581/593)
Installing time.x86_64 (582/593)
Installing tree.x86_64 (583/593)
Installing iwlegacy-firmware.noarch (584/593)
Installing iwlwifi-dvm-firmware.noarch (585/593)
Installing iwlwifi-mvm-firmware.noarch (586/593)
Installing libertas-firmware.noarch (587/593)
Installing words.noarch (588/593)
Installing rootfiles.noarch (589/593)
Installing microcode_ctl.x86_64 (590/593)
Installing mailcap.noarch (591/593)
Installing bash-color-prompt.noarch (592/593)
Installing alsa-sof-firmware.noarch (593/593)
Performing post-installation setup tasks
Configuring filesystem.x86_64
Configuring grub2-common.noarch
Configuring crypto-policies-scripts.noarch
Configuring authselect-libs.x86_64
Configuring ca-certificates.noarch
Configuring systemd-resolved.x86_64
Configuring nss.x86_64
Configuring kernel-modules-core.x86_64
Configuring kernel-core.x86_64
Configuring kernel-modules.x86_64
Configuring rpm.x86_64
Configuring selinux-policy-targeted.noarch
Configuring sssd-common.x86_64
Configuring abrt-dbus.x86_64
Configuring abrt.x86_64
Configuring abrt-addon-kerneloops.x86_64
Configuring abrt-addon-ccpp.x86_64
Configuring abrt-addon-pstoreoops.x86_64
Configuring abrt-addon-xorg.x86_64
Configuring kexec-tools.x86_64
Configuring abrt-addon-vmcore.x86_64
Configuring appstream.x86_64
Configuring firewalld.noarch
Configuring plocate.x86_64
Configuring rootfiles.noarch
Configuring alsa-sof-firmware.noarch
Configuring alsa-sof-firmware.noarch
Configuring alsa-sof-firmware.noarch
Configuring alsa-sof-firmware.noarch
Configuring alsa-sof-firmware.noarch
Configuring alsa-sof-firmware.noarch
Configuring alsa-sof-firmware.noarch
Configuring alsa-sof-firmware.noarch
Configuring alsa-sof-firmware.noarch
Configuring alsa-sof-firmware.noarch
Configuring alsa-sof-firmware.noarch
Configuring alsa-sof-firmware.noarch
Configuring alsa-sof-firmware.noarch
Configuring alsa-sof-firmware.noarch
Configuring alsa-sof-firmware.noarch
Configuring alsa-sof-firmware.noarch
.
Installing boot loader
.
Performing post-installation setup tasks
.
Configuring installed system
.
Creating users
.
Configuring addons
.
Generating initramfs
....
Storing configuration files and kickstarts
.
Running post-installation scripts
...
Complete!
Installation complete. Press ENTER to quit: 
INFO - Creating bind mounts in chroot /mnt/stratisroot (['dev', 'proc', 'run', 'sys'])
INFO - Mounting selinuxfs at /mnt/stratisroot/sys/fs/selinux
INFO - Installing packages dependencies in chroot
Fedora 40 - x86_64                                                                                                                                            4.8 MB/s |  20 MB     00:04    
Fedora 40 openh264 (From Cisco) - x86_64                                                                                                                      2.5 kB/s | 1.4 kB     00:00    
Fedora 40 - x86_64 - Updates                                                                                                                                  3.7 MB/s | 8.1 MB     00:02    
Package cryptsetup-libs-2.7.1-1.fc40.x86_64 is already installed.
Package keyutils-1.6.3-3.fc40.x86_64 is already installed.
Dependencies resolved.
==============================================================================================================================================================================================
 Package                                                        Architecture                         Version                                      Repository                             Size
==============================================================================================================================================================================================
Installing:
 clevis-luks                                                    x86_64                               20-2.fc40                                    updates                                34 k
 stratis-cli                                                    noarch                               3.6.2-1.fc40                                 updates                               147 k
 stratisd                                                       x86_64                               3.6.7-1.fc40                                 updates                               3.5 M
 stratisd-dracut                                                x86_64                               3.6.7-1.fc40                                 updates                               445 k
Installing dependencies:
 clevis                                                         x86_64                               20-2.fc40                                    updates                                55 k
 clevis-pin-tpm2                                                x86_64                               0.5.3-5.fc40                                 fedora                                903 k
 jose                                                           x86_64                               14-1.fc40                                    updates                                66 k
 libjose                                                        x86_64                               14-1.fc40                                    updates                                64 k
 libluksmeta                                                    x86_64                               9-22.fc40                                    fedora                                 25 k
 luksmeta                                                       x86_64                               9-22.fc40                                    fedora                                 21 k
 python3-dbus-client-gen                                        noarch                               0.5.1-6.fc40                                 fedora                                 31 k
 python3-dbus-python-client-gen                                 noarch                               0.8.3-5.fc40                                 fedora                                 34 k
 python3-dbus-signature-pyparsing                               noarch                               0.4.1-7.fc40                                 fedora                                 20 k
 python3-into-dbus-python                                       noarch                               0.8.2-5.fc40                                 fedora                                 34 k
 python3-justbases                                              noarch                               0.15.2-7.fc40                                fedora                                 58 k
 python3-justbytes                                              noarch                               0.15.2-5.fc40                                fedora                                 51 k
 python3-psutil                                                 x86_64                               5.9.8-1.fc40                                 fedora                                269 k
 python3-pyparsing                                              noarch                               3.1.2-2.fc40                                 fedora                                269 k
 python3-wcwidth                                                noarch                               0.2.13-2.fc40                                updates                                53 k
 tpm2-tools                                                     x86_64                               5.7-1.fc40                                   updates                               810 k
 tpm2-tss-fapi                                                  x86_64                               4.0.1-7.fc40                                 fedora                                317 k

Transaction Summary
==============================================================================================================================================================================================
Install  21 Packages

Total download size: 7.2 M
Installed size: 26 M
Downloading Packages:
(1/21): libluksmeta-9-22.fc40.x86_64.rpm                                                                                                                       56 kB/s |  25 kB     00:00    
(2/21): luksmeta-9-22.fc40.x86_64.rpm                                                                                                                          45 kB/s |  21 kB     00:00    
(3/21): clevis-pin-tpm2-0.5.3-5.fc40.x86_64.rpm                                                                                                               1.7 MB/s | 903 kB     00:00    
(4/21): python3-dbus-client-gen-0.5.1-6.fc40.noarch.rpm                                                                                                       418 kB/s |  31 kB     00:00    
(5/21): python3-dbus-python-client-gen-0.8.3-5.fc40.noarch.rpm                                                                                                471 kB/s |  34 kB     00:00    
(6/21): python3-into-dbus-python-0.8.2-5.fc40.noarch.rpm                                                                                                      843 kB/s |  34 kB     00:00    
(7/21): python3-justbases-0.15.2-7.fc40.noarch.rpm                                                                                                            1.1 MB/s |  58 kB     00:00    
(8/21): python3-justbytes-0.15.2-5.fc40.noarch.rpm                                                                                                            1.1 MB/s |  51 kB     00:00    
(9/21): python3-psutil-5.9.8-1.fc40.x86_64.rpm                                                                                                                2.4 MB/s | 269 kB     00:00    
(10/21): python3-pyparsing-3.1.2-2.fc40.noarch.rpm                                                                                                            2.3 MB/s | 269 kB     00:00    
(11/21): python3-dbus-signature-pyparsing-0.4.1-7.fc40.noarch.rpm                                                                                              79 kB/s |  20 kB     00:00    
(12/21): clevis-20-2.fc40.x86_64.rpm                                                                                                                          1.1 MB/s |  55 kB     00:00    
(13/21): clevis-luks-20-2.fc40.x86_64.rpm                                                                                                                     935 kB/s |  34 kB     00:00    
(14/21): jose-14-1.fc40.x86_64.rpm                                                                                                                            1.6 MB/s |  66 kB     00:00    
(15/21): tpm2-tss-fapi-4.0.1-7.fc40.x86_64.rpm                                                                                                                2.1 MB/s | 317 kB     00:00    
(16/21): libjose-14-1.fc40.x86_64.rpm                                                                                                                         1.4 MB/s |  64 kB     00:00    
(17/21): python3-wcwidth-0.2.13-2.fc40.noarch.rpm                                                                                                             1.4 MB/s |  53 kB     00:00    
(18/21): stratis-cli-3.6.2-1.fc40.noarch.rpm                                                                                                                  2.2 MB/s | 147 kB     00:00    
(19/21): stratisd-dracut-3.6.7-1.fc40.x86_64.rpm                                                                                                              1.5 MB/s | 445 kB     00:00    
(20/21): tpm2-tools-5.7-1.fc40.x86_64.rpm                                                                                                                     2.2 MB/s | 810 kB     00:00    
(21/21): stratisd-3.6.7-1.fc40.x86_64.rpm                                                                                                                     3.9 MB/s | 3.5 MB     00:00    
----------------------------------------------------------------------------------------------------------------------------------------------------------------------------------------------
Total                                                                                                                                                         3.7 MB/s | 7.2 MB     00:01     
Running transaction check
Transaction check succeeded.
Running transaction test
Transaction test succeeded.
Running transaction
  Preparing        :                                                                                                                                                                      1/1 
  Installing       : libjose-14-1.fc40.x86_64                                                                                                                                            1/21 
  Installing       : jose-14-1.fc40.x86_64                                                                                                                                               2/21 
  Installing       : python3-wcwidth-0.2.13-2.fc40.noarch                                                                                                                                3/21 
  Installing       : tpm2-tss-fapi-4.0.1-7.fc40.x86_64                                                                                                                                   4/21 
  Installing       : tpm2-tools-5.7-1.fc40.x86_64                                                                                                                                        5/21 
  Running scriptlet: clevis-20-2.fc40.x86_64                                                                                                                                             6/21 
  Installing       : clevis-20-2.fc40.x86_64                                                                                                                                             6/21 
  Installing       : clevis-pin-tpm2-0.5.3-5.fc40.x86_64                                                                                                                                 7/21 
  Installing       : python3-pyparsing-3.1.2-2.fc40.noarch                                                                                                                               8/21 
  Installing       : python3-dbus-signature-pyparsing-0.4.1-7.fc40.noarch                                                                                                                9/21 
  Installing       : python3-into-dbus-python-0.8.2-5.fc40.noarch                                                                                                                       10/21 
  Installing       : python3-dbus-python-client-gen-0.8.3-5.fc40.noarch                                                                                                                 11/21 
  Installing       : python3-psutil-5.9.8-1.fc40.x86_64                                                                                                                                 12/21 
  Installing       : python3-justbases-0.15.2-7.fc40.noarch                                                                                                                             13/21 
  Installing       : python3-justbytes-0.15.2-5.fc40.noarch                                                                                                                             14/21 
  Installing       : python3-dbus-client-gen-0.5.1-6.fc40.noarch                                                                                                                        15/21 
  Installing       : libluksmeta-9-22.fc40.x86_64                                                                                                                                       16/21 
  Installing       : luksmeta-9-22.fc40.x86_64                                                                                                                                          17/21 
  Installing       : clevis-luks-20-2.fc40.x86_64                                                                                                                                       18/21 
  Installing       : stratisd-3.6.7-1.fc40.x86_64                                                                                                                                       19/21 
  Running scriptlet: stratisd-3.6.7-1.fc40.x86_64                                                                                                                                       19/21 
Created symlink /etc/systemd/system/multi-user.target.wants/stratisd.service  /usr/lib/systemd/system/stratisd.service.

  Installing       : stratis-cli-3.6.2-1.fc40.noarch                                                                                                                                    20/21 
  Installing       : stratisd-dracut-3.6.7-1.fc40.x86_64                                                                                                                                21/21 
  Running scriptlet: stratisd-dracut-3.6.7-1.fc40.x86_64                                                                                                                                21/21 
Running in chroot, ignoring request.

Running in chroot, ignoring command 'daemon-reload'
Running in chroot, ignoring command 'reload-or-restart'


Installed:
  clevis-20-2.fc40.x86_64                                           clevis-luks-20-2.fc40.x86_64                              clevis-pin-tpm2-0.5.3-5.fc40.x86_64                            
  jose-14-1.fc40.x86_64                                             libjose-14-1.fc40.x86_64                                  libluksmeta-9-22.fc40.x86_64                                   
  luksmeta-9-22.fc40.x86_64                                         python3-dbus-client-gen-0.5.1-6.fc40.noarch               python3-dbus-python-client-gen-0.8.3-5.fc40.noarch             
  python3-dbus-signature-pyparsing-0.4.1-7.fc40.noarch              python3-into-dbus-python-0.8.2-5.fc40.noarch              python3-justbases-0.15.2-7.fc40.noarch                         
  python3-justbytes-0.15.2-5.fc40.noarch                            python3-psutil-5.9.8-1.fc40.x86_64                        python3-pyparsing-3.1.2-2.fc40.noarch                          
  python3-wcwidth-0.2.13-2.fc40.noarch                              stratis-cli-3.6.2-1.fc40.noarch                           stratisd-3.6.7-1.fc40.x86_64                                   
  stratisd-dracut-3.6.7-1.fc40.x86_64                               tpm2-tools-5.7-1.fc40.x86_64                              tpm2-tss-fapi-4.0.1-7.fc40.x86_64                              

Complete!
INFO - Enabling unit=stratisd.service for sysinit.target.wants in /mnt/stratisroot
INFO - Creating dracut initramfs
dracut: Executing: /usr/bin/dracut --force --verbose /boot/initramfs-6.8.5-301.fc40.x86_64.img 6.8.5-301.fc40.x86_64
dracut: dracut module 'systemd-networkd' will not be installed, because command 'networkctl' could not be found!
dracut: dracut module 'systemd-networkd' will not be installed, because command '/usr/lib/systemd/systemd-networkd' could not be found!
dracut: dracut module 'systemd-networkd' will not be installed, because command '/usr/lib/systemd/systemd-networkd-wait-online' could not be found!
dracut: dracut module 'busybox' will not be installed, because command 'busybox' could not be found!
dracut: dracut module 'dbus-daemon' will not be installed, because command 'dbus-daemon' could not be found!
dracut: dracut module 'rngd' will not be installed, because command 'rngd' could not be found!
dracut: dracut module 'connman' will not be installed, because command 'connmand' could not be found!
dracut: dracut module 'connman' will not be installed, because command 'connmanctl' could not be found!
dracut: dracut module 'connman' will not be installed, because command 'connmand-wait-online' could not be found!
dracut: dracut module 'network-wicked' will not be installed, because command 'wicked' could not be found!
dracut: dracut module 'dmraid' will not be installed, because command 'dmraid' could not be found!
dracut: 95nfs: Could not find any command of 'rpcbind portmap'!
dracut: dracut module 'nvmf' will not be installed, because command 'nvme' could not be found!
dracut: dracut module 'biosdevname' will not be installed, because command 'biosdevname' could not be found!
dracut: dracut module 'memstrack' will not be installed, because command 'memstrack' could not be found!
dracut: memstrack is not available
dracut: If you need to use rd.memdebug>=4, please install memstrack and procps-ng
dracut: dracut module 'busybox' will not be installed, because command 'busybox' could not be found!
dracut: dracut module 'dbus-daemon' will not be installed, because command 'dbus-daemon' could not be found!
dracut: dracut module 'rngd' will not be installed, because command 'rngd' could not be found!
dracut: dracut module 'connman' will not be installed, because command 'connmand' could not be found!
dracut: dracut module 'connman' will not be installed, because command 'connmanctl' could not be found!
dracut: dracut module 'connman' will not be installed, because command 'connmand-wait-online' could not be found!
dracut: dracut module 'network-wicked' will not be installed, because command 'wicked' could not be found!
dracut: dracut module 'dmraid' will not be installed, because command 'dmraid' could not be found!
dracut: 95nfs: Could not find any command of 'rpcbind portmap'!
dracut: dracut module 'nvmf' will not be installed, because command 'nvme' could not be found!
dracut: dracut module 'memstrack' will not be installed, because command 'memstrack' could not be found!
dracut: memstrack is not available
dracut: If you need to use rd.memdebug>=4, please install memstrack and procps-ng
dracut: *** Including module: bash ***
dracut: *** Including module: systemd ***
dracut: *** Including module: systemd-ask-password ***
dracut: *** Including module: systemd-initrd ***
dracut: *** Including module: systemd-sysusers ***
dracut: *** Including module: nss-softokn ***
dracut: *** Including module: dbus-broker ***
dracut: *** Including module: dbus ***
dracut: *** Including module: i18n ***
dracut: *** Including module: network-manager ***
dracut: *** Including module: network ***
dracut: *** Including module: ifcfg ***
dracut: *** Including module: drm ***
dracut: *** Including module: plymouth ***
dracut: *** Including module: dm ***
dracut: Skipping udev rule: 64-device-mapper.rules
dracut: Skipping udev rule: 60-persistent-storage-dm.rules
dracut: Skipping udev rule: 55-dm.rules
dracut: *** Including module: kernel-modules ***
dracut: *** Including module: kernel-modules-extra ***
dracut: *** Including module: kernel-network-modules ***
dracut: *** Including module: qemu ***
dracut: *** Including module: qemu-net ***
dracut: *** Including module: stratis ***
dracut: *** Including module: rootfs-block ***
dracut: *** Including module: terminfo ***
dracut: *** Including module: udev-rules ***
dracut: Skipping udev rule: 40-redhat.rules
dracut: Skipping udev rule: 50-firmware.rules
dracut: Skipping udev rule: 50-udev.rules
dracut: Skipping udev rule: 91-permissions.rules
dracut: Skipping udev rule: 80-drivers-modprobe.rules
dracut: Skipping udev rule: 70-persistent-net.rules
dracut: *** Including module: virtiofs ***
dracut: *** Including module: dracut-systemd ***
dracut: *** Including module: usrmount ***
dracut: *** Including module: base ***
dracut: *** Including module: fs-lib ***
dracut: *** Including module: shutdown ***
dracut: *** Including modules done ***
dracut: *** Installing kernel module dependencies ***
dracut: *** Installing kernel module dependencies done ***
dracut: *** Resolving executable dependencies ***
dracut: *** Resolving executable dependencies done ***
dracut: *** Hardlinking files ***
dracut: Mode:                     real
dracut: Method:                   sha256
dracut: Files:                    1989
dracut: Linked:                   47 files
dracut: Compared:                 0 xattrs
dracut: Compared:                 581 files
dracut: Saved:                    169.24 KiB
dracut: Duration:                 0.035228 seconds
dracut: *** Hardlinking files done ***
dracut: *** Generating early-microcode cpio image ***
dracut: *** Constructing GenuineIntel.bin ***
dracut: *** Store current command line parameters ***
dracut: *** Stripping files ***
dracut: *** Stripping files done ***
dracut: *** Creating image file '/boot/initramfs-6.8.5-301.fc40.x86_64.img' ***
dracut: Using auto-determined compression method 'gzip'
dracut: *** Creating initramfs image file '/boot/initramfs-6.8.5-301.fc40.x86_64.img' done ***
INFO - Installing boot dependencies in chroot
Last metadata expiration check: 0:00:34 ago on Fri 28 Jun 2024 01:47:15 PM EDT.
Dependencies resolved.
==============================================================================================================================================================================================
 Package                                              Architecture                            Version                                          Repository                                Size
==============================================================================================================================================================================================
Installing:
 boom-boot                                            noarch                                  1.6.3-1.fc40                                     updates                                   33 k
 grub2-pc                                             x86_64                                  1:2.06-123.fc40                                  updates                                   17 k
Upgrading:
 grub2-common                                         noarch                                  1:2.06-123.fc40                                  updates                                  919 k
 grub2-tools                                          x86_64                                  1:2.06-123.fc40                                  updates                                  1.8 M
 grub2-tools-minimal                                  x86_64                                  1:2.06-123.fc40                                  updates                                  615 k
Installing dependencies:
 boom-boot-conf                                       noarch                                  1.6.3-1.fc40                                     updates                                   23 k
 grub2-pc-modules                                     noarch                                  1:2.06-123.fc40                                  updates                                  1.1 M
 python3-boom                                         noarch                                  1.6.3-1.fc40                                     updates                                  496 k

Transaction Summary
==============================================================================================================================================================================================
Install  5 Packages
Upgrade  3 Packages

Total download size: 4.9 M
Downloading Packages:
(1/8): boom-boot-conf-1.6.3-1.fc40.noarch.rpm                                                                                                                 218 kB/s |  23 kB     00:00    
(2/8): boom-boot-1.6.3-1.fc40.noarch.rpm                                                                                                                      274 kB/s |  33 kB     00:00    
(3/8): grub2-pc-2.06-123.fc40.x86_64.rpm                                                                                                                      126 kB/s |  17 kB     00:00    
(4/8): python3-boom-1.6.3-1.fc40.noarch.rpm                                                                                                                   1.8 MB/s | 496 kB     00:00    
(5/8): grub2-pc-modules-2.06-123.fc40.noarch.rpm                                                                                                              2.7 MB/s | 1.1 MB     00:00    
(6/8): grub2-tools-minimal-2.06-123.fc40.x86_64.rpm                                                                                                           2.3 MB/s | 615 kB     00:00    
(7/8): grub2-common-2.06-123.fc40.noarch.rpm                                                                                                                  1.1 MB/s | 919 kB     00:00    
(8/8): grub2-tools-2.06-123.fc40.x86_64.rpm                                                                                                                   2.9 MB/s | 1.8 MB     00:00    
----------------------------------------------------------------------------------------------------------------------------------------------------------------------------------------------
Total                                                                                                                                                         4.0 MB/s | 4.9 MB     00:01     
Running transaction check
Transaction check succeeded.
Running transaction test
Transaction test succeeded.
Running transaction
  Preparing        :                                                                                                                                                                      1/1 
  Upgrading        : grub2-common-1:2.06-123.fc40.noarch                                                                                                                                 1/11 
  Installing       : boom-boot-conf-1.6.3-1.fc40.noarch                                                                                                                                  2/11 
  Installing       : python3-boom-1.6.3-1.fc40.noarch                                                                                                                                    3/11 
  Installing       : grub2-pc-modules-1:2.06-123.fc40.noarch                                                                                                                             4/11 
  Running scriptlet: grub2-tools-1:2.06-123.fc40.x86_64                                                                                                                                  5/11 
  Upgrading        : grub2-tools-1:2.06-123.fc40.x86_64                                                                                                                                  5/11 
  Running scriptlet: grub2-tools-1:2.06-123.fc40.x86_64                                                                                                                                  5/11 
  Upgrading        : grub2-tools-minimal-1:2.06-123.fc40.x86_64                                                                                                                          6/11 
  Installing       : grub2-pc-1:2.06-123.fc40.x86_64                                                                                                                                     7/11 
  Installing       : boom-boot-1.6.3-1.fc40.noarch                                                                                                                                       8/11 
  Cleanup          : grub2-tools-minimal-1:2.06-119.fc40.x86_64                                                                                                                          9/11 
  Running scriptlet: grub2-tools-1:2.06-119.fc40.x86_64                                                                                                                                 10/11 
  Cleanup          : grub2-tools-1:2.06-119.fc40.x86_64                                                                                                                                 10/11 
  Running scriptlet: grub2-tools-1:2.06-119.fc40.x86_64                                                                                                                                 10/11 
Running in chroot, ignoring command 'list-units'

  Cleanup          : grub2-common-1:2.06-119.fc40.noarch                                                                                                                                11/11 
  Running scriptlet: grub2-common-1:2.06-123.fc40.noarch                                                                                                                                11/11 
  Running scriptlet: grub2-common-1:2.06-119.fc40.noarch                                                                                                                                11/11 
Running in chroot, ignoring command 'daemon-reload'
Running in chroot, ignoring command 'reload-or-restart'

Running in chroot, ignoring command 'list-units'


Upgraded:
  grub2-common-1:2.06-123.fc40.noarch                          grub2-tools-1:2.06-123.fc40.x86_64                          grub2-tools-minimal-1:2.06-123.fc40.x86_64                         
Installed:
  boom-boot-1.6.3-1.fc40.noarch    boom-boot-conf-1.6.3-1.fc40.noarch    grub2-pc-1:2.06-123.fc40.x86_64    grub2-pc-modules-1:2.06-123.fc40.noarch    python3-boom-1.6.3-1.fc40.noarch   

Complete!
Installing for i386-pc platform.
Installation finished. No error reported.
INFO - Installing grub2 bootloader
INFO - Generating grub2 bootloader configuration
Generating grub configuration file ...
Adding boot menu entry for UEFI Firmware Settings ...
done
INFO - Removing non-stratis boot entries from /mnt/stratisroot/boot
INFO - Configuring boom OsProfile for pool_uuid=f517e2ab-2232-47d5-9222-74dd1fd6755f
INFO - Creating boom OsProfile for Stratis boot
Created profile with os_id 5ea08f4:
  OS ID: "5ea08f4d8c4d6fbdfdb2c0b79829e7ff4dfce7d4",
  Name: "Fedora Linux", Short name: "fedora",
  Version: "40 (Server Edition)", Version ID: "40",
  Kernel pattern: "/vmlinuz-%{version}", Initramfs pattern: "/initramfs-%{version}.img",
  Root options (LVM2): "rd.lvm.lv=%{lvm_root_lv}",
  Root options (BTRFS): "rootflags=%{btrfs_subvolume}",
  Options: "root=%{root_device} ro %{root_opts} stratis.rootfs.pool_uuid=f517e2ab-2232-47d5-9222-74dd1fd6755f",
  Title: "%{os_name} %{os_version_id} (%{version})",
  Optional keys: "grub_users grub_arg grub_class id", UTS release pattern: "fc40"
INFO - Creating stratis root fs boot entry
INFO - Creating boom boot entry
Created entry with boot_id b36b5e0:
  title Fedora Linux 40 (6.8.5-301.fc40.x86_64)
  machine-id 5efd225d2fbe43bbb8068997aafc2d08
  version 6.8.5-301.fc40.x86_64
  linux /vmlinuz-6.8.5-301.fc40.x86_64
  initrd /initramfs-6.8.5-301.fc40.x86_64.img
  options root=/dev/stratis/p1/fs1 ro stratis.rootfs.pool_uuid=f517e2ab-2232-47d5-9222-74dd1fd6755f stratis.rootfs.pool_uuid=f517e2ab-2232-47d5-9222-74dd1fd6755f
  grub_users $grub_users
  grub_arg --unrestricted
  grub_class kernel
INFO - Restoring SELinux contexts...
INFO - Unmounting BIOS /mnt/stratisroot chroot layout
INFO - Unmounting selinuxfs at /mnt/stratisroot/sys/fs/selinux
INFO - Removing bind mounts from chroot /mnt/stratisroot (['dev', 'proc', 'run', 'sys'])
INFO - Unmounting /mnt/stratisroot/boot from /mnt/stratisroot
INFO - Unmounting /mnt/stratisroot
INFO - Stratis root fs installation complete.

